[0m[2J[1;1H [0;33m╔══════════════════════════════════════════════════════════════════════════╗[0m
 [0;33m║[0m                     [0;33m· · ──═[ [1;37m* [1;33mT  H  E [1;37m* [0;33m]═── · ·[0m                        [0;33m║[0m
 [0;33m║[0m   [1;33m___   ___  __    __ ___ _  _ _____ _   _ ___ ___   [1;31m___ ___ ___ [0m        [0;33m║[0m
 [0;33m║[0m  [1;33m/   \ |   \ \ \  / /| __| \| |_   _| | | | _ \ __| [1;31m| _ ) _ ) __|[0m        [0;33m║[0m
 [0;33m║[0m [0;33m| - - || |) | \ \/ / | _|| .` | | | | |_| |   / _|  [0;31m| _ \ _ \__ \[0m        [0;33m║[0m
 [0;33m║[0m [0;33m|_|_|_||___/   \__/  |___|_|\_| |_|  \___/|_|_\___| [0;31m|___/___/___/[0m        [0;33m║[0m
 [0;33m╠══════════════════════════════════════════════════════════════════════════╣[0m
 [0;33m║[0m  [1;37m*       [1;30m·             [0;31m__----__[0m                          [1;37m*            [1;30m·  [0m[0;33m║[0m
 [0;33m║[0m     [1;30m·           [0;31m_/|             _/  /   \_[0m               [1;30m·        [1;37m*      [0m[0;33m║[0m
 [0;33m║[0m [1;33m(~~~~~~~~~~)  [0;31m/  |  _        _/  _/     \_[0m                              [0m [0;33m║[0m
 [0;33m║[0m[1;33m(* * [1;31mFLAME OF[1;33m *)[0;31m/   |_/ \_    _/  _/         \_[0m               [1;37m*        [1;30m·  [0m[0;33m║[0m
 [0;33m║[0m [1;33m(~~~ [1;31mDRAGON [1;33m~~)[0;31m/     |    \-_/  _/             \_[0m                        [0m[0;33m║[0m
 [0;33m║[0m  [1;33m(~~~~~~~~) [0;31m/     <  [1;37m(o)[0;31m   /                 \_[0m        [1;30m·               [0m  [0;33m║[0m
 [0;33m║[0m    [1;33m(~~~~)  [0;31m\      \_    /                     \_[0m               [1;37m*     [0m    [0;33m║[0m
 [0;33m║[0m  [0;37m/\         [0;31m\___    \__/     [1;31m/\  /\             [0;31m\_[0m     [1;30m·              [0m   [0;33m║[0m
 [0;33m║[0m [0;37m/  \  [1;30m┌───┐   [0;31m/  \           [1;31m/  \/  \    /\       [0;31m\       [0;37m/\            [0m [0;33m║[0m
 [0;33m║[0m[0;37m/ /\ \ [1;30m│[1;33m░█░[1;30m│  [0;31m/ /\ \         [1;31m/   /\   \  /  \       [0;31m|     [0;37m/  \   [1;31m|\       [0m[0;33m║[0m
 [0;33m║[0m[1;30m│ ├───┤│   │ [0;31m/ /  \ \       [1;31m/   /  \   \/ /\ \      [0;37m/\   / /\ \  [1;31m| \      [0m[0;33m║[0m
 [0;33m║[0m[1;30m│ │[1;33m[#][1;30m││   │[0;31m| |[1;31m\v/\v/[0;31m| |     [1;33m|===|==|===|[0;31m/ /  \ \    [0;37m/ /\ \ [1;30m│ ├───┤ [1;31m|  \  [0m[0;33m║[0m
 [0;33m║[0m[1;30m│ └───┘│   │├───┐  ┌───┤     [1;33m|   |  |   |[0;31m| |    \ \  [1;30m│ ├───┤│ │[1;33m[#][1;30m│ [1;31m|===| [0m[0;33m║[0m
 [0;33m║[0m[1;30m├──────┴───┤│[1;33m[#][1;30m│  │[1;33m[#][1;30m│     [1;30m├───┐  ┌───┤[0;31m\ \    / /  [1;30m│ │[1;33m[#][1;30m││ └───┘ │   │ [0m[0;33m║[0m
 [0;33m║[0m[1;30m│  ░░▒▒▓▓  │└───┘  └───┘     │[1;33m[#][1;30m│  │[1;33m[#][1;30m│   [0;31m\ \__/ /   [1;30m│ └───┘├─┴───┴────┤[0m[0;33m║[0m
 [0;33m║[0m[1;30m│  ▓▓████  │      ┌─────────────────┐  [0;31m\___/    [1;30m├──────┴──░░▒▒▓▓───┤     [0m [0;33m║[0m
 [0;33m║[0m[1;30m│  ██████  │      │  [1;33mV  V  V  V  V[1;30m  │   [0;31m__       [1;30m│  ▓▓██████████████│     [0m[0;33m║[0m
 [0;33m║[0m[1;30m│  ██████  │      │  [1;33m█  █  █  █  █[1;30m  │  [0;31m/  \_     [1;30m│  ████████████████│     [0m[0;33m║[0m
 [0;33m║[0m[1;30m│  ██████  │      │  [1;30m│  │  │  │  │[1;30m  │ [0;31m( ()  )    [1;30m│  ████████████████│     [0m[0;33m║[0m
 [0;33m║[0m[1;30m│  ██████  │      │  [0;37m┌─────────┐[1;30m  │  [0;31m\__/      [1;30m│  ████████████████│     [0m  [0;33m║[0m
 [0;33m║[0m[1;30m┴──────────┴──────┴──┤ [1;33m░█░ ░█░ ░█░[1;30m ├──┴────────┴──────────────────────┴   [0m[0;33m║[0m
 [0;33m╠══════════════════════════════════════════════════════════════════════════╣[0m
 [0;33m║[0m   [1;30m░▒▓[41m[1;33m                    SYSOP: DEREK BIRD                     [40m[1;30m▓▒░   [0m    [0;33m║[0m
 [0;33m╚══════════════════════════════════════════════════════════════════════════╝[0m[0m
